2026-10-05 12:10:32 | [INFO   ] | Логгер успешно сконфигурирован
2026-10-05 12:10:32 | [INFO   ] | Приложение запущено
2026-10-05 13:14:11 | [INFO   ] | Логгер успешно сконфигурирован
2026-10-05 13:14:11 | [INFO   ] | Приложение запущено
2026-10-05 13:14:26 | [INFO   ] | Запрос на регистрацию. Логин='Захар', пароль=SHA256:2dbc574daca52689, подтверждение=SHA256:2dbc574daca52689
2026-10-05 13:14:26 | [DEBUG  ] | Валидация: логин='Захар', пароль=SHA256:2dbc574daca52689
2026-10-05 13:14:26 | [ERROR  ] | Ошибка валидации логина: Логин может содержать только латиницу, цифры и _
2026-10-05 13:14:26 | [WARNING] | Результат: False. Сообщение: 'Логин может содержать только латиницу, цифры и _'
2026-10-05 13:14:30 | [INFO   ] | Логгер успешно сконфигурирован
2026-10-05 13:14:30 | [INFO   ] | Приложение запущено
2026-10-05 13:14:40 | [INFO   ] | Запрос на регистрацию. Логин='zakhar', пароль=SHA256:1c62590c99871030, подтверждение=SHA256:1c62590c99871030
2026-10-05 13:14:40 | [DEBUG  ] | Валидация: логин='zakhar', пароль=SHA256:1c62590c99871030
2026-10-05 13:14:40 | [ERROR  ] | Ошибка валидации пароля: Пароль должен содержать минимум 7 символов
2026-10-05 13:14:40 | [WARNING] | Результат: False. Сообщение: 'Пароль должен содержать минимум 7 символов'
2026-10-05 13:14:42 | [INFO   ] | Логгер успешно сконфигурирован
2026-10-05 13:14:42 | [INFO   ] | Приложение запущено
2026-10-05 13:15:00 | [INFO   ] | Запрос на регистрацию. Логин='zakhar', пароль=SHA256:d5ccfff343f61b26, подтверждение=SHA256:d5ccfff343f61b26
2026-10-05 13:15:00 | [DEBUG  ] | Валидация: логин='zakhar', пароль=SHA256:d5ccfff343f61b26
2026-10-05 13:15:00 | [ERROR  ] | Ошибка валидации пароля: Пароль может содержать только кириллицу, цифры и спецсимволы
2026-10-05 13:15:00 | [WARNING] | Результат: False. Сообщение: 'Пароль может содержать только кириллицу, цифры и спецсимволы'
2026-10-05 13:15:05 | [INFO   ] | Логгер успешно сконфигурирован
2026-10-05 13:15:05 | [INFO   ] | Приложение запущено
2026-10-05 13:15:23 | [INFO   ] | Запрос на регистрацию. Логин='zakhar', пароль=SHA256:c29e4b3afa13334c, подтверждение=SHA256:c29e4b3afa13334c
2026-10-05 13:15:23 | [DEBUG  ] | Валидация: логин='zakhar', пароль=SHA256:c29e4b3afa13334c
2026-10-05 13:15:23 | [ERROR  ] | Ошибка валидации пароля: Пароль должен содержать хотя бы одну заглавную букву
2026-10-05 13:15:23 | [WARNING] | Результат: False. Сообщение: 'Пароль должен содержать хотя бы одну заглавную букву'
2026-10-05 13:15:27 | [INFO   ] | Логгер успешно сконфигурирован
2026-10-05 13:15:27 | [INFO   ] | Приложение запущено
2026-10-05 13:15:45 | [INFO   ] | Запрос на регистрацию. Логин='zakhar', пароль=SHA256:abd78549208a8452, подтверждение=SHA256:abd78549208a8452
2026-10-05 13:15:45 | [DEBUG  ] | Валидация: логин='zakhar', пароль=SHA256:abd78549208a8452
2026-10-05 13:15:45 | [INFO   ] | Валидация пройдена успешно
2026-10-05 13:15:45 | [INFO   ] | Результат: True. Сообщение: ''
2026-10-05 13:28:08 | [INFO   ] | Логгер успешно сконфигурирован
2026-10-05 13:28:08 | [INFO   ] | Приложение запущено
2026-10-05 13:28:35 | [INFO   ] | Запрос на регистрацию. Логин='zakaharf@gmail.com', пароль=SHA256:9e639b37fcf53c1f, подтверждение=SHA256:9e639b37fcf53c1f
2026-10-05 13:28:35 | [DEBUG  ] | Валидация: логин='zakaharf@gmail.com', пароль=SHA256:9e639b37fcf53c1f
2026-10-05 13:28:35 | [INFO   ] | Валидация пройдена успешно
2026-10-05 13:28:35 | [INFO   ] | Результат: True. Сообщение: ''
2026-10-05 13:28:41 | [INFO   ] | Логгер успешно сконфигурирован
2026-10-05 13:28:41 | [INFO   ] | Приложение запущено
2026-10-05 13:29:03 | [INFO   ] | Запрос на регистрацию. Логин='+7459284656', пароль=SHA256:df16fee8bc6c6862, подтверждение=SHA256:df16fee8bc6c6862
2026-10-05 13:29:03 | [DEBUG  ] | Валидация: логин='+7459284656', пароль=SHA256:df16fee8bc6c6862
2026-10-05 13:29:03 | [ERROR  ] | Ошибка валидации логина: Неверный формат телефона (ожидается +x-xxx-xxx-xxxx)
2026-10-05 13:29:03 | [WARNING] | Результат: False. Сообщение: 'Неверный формат телефона (ожидается +x-xxx-xxx-xxxx)'
2026-10-05 13:29:07 | [INFO   ] | Логгер успешно сконфигурирован
2026-10-05 13:29:07 | [INFO   ] | Приложение запущено
2026-10-05 13:29:29 | [INFO   ] | Запрос на регистрацию. Логин='+7-983-306-6199', пароль=SHA256:abd78549208a8452, подтверждение=SHA256:abd78549208a8452
2026-10-05 13:29:29 | [DEBUG  ] | Валидация: логин='+7-983-306-6199', пароль=SHA256:abd78549208a8452
2026-10-05 13:29:29 | [INFO   ] | Валидация пройдена успешно
2026-10-05 13:29:29 | [INFO   ] | Результат: True. Сообщение: ''
2026-10-07 10:08:23 | [INFO   ] | Логгер успешно сконфигурирован
2026-10-07 10:08:23 | [INFO   ] | Приложение запущено
2026-10-07 10:08:42 | [DEBUG  ] | Валидация: логин='zakhar', пароль=SHA256:5a55b1f01fc9275c
2026-10-07 10:08:42 | [INFO   ] | Валидация пройдена успешно
2026-10-07 10:08:42 | [INFO   ] | Запрос на регистрацию. Логин='zakhar', пароль=SHA256:5a55b1f01fc9275c, подтверждение=SHA256:5a55b1f01fc9275c
2026-10-07 10:08:42 | [INFO   ] | Результат: True. Сообщение: ''
2026-10-07 10:08:47 | [INFO   ] | Логгер успешно сконфигурирован
2026-10-07 10:08:47 | [INFO   ] | Приложение запущено
2026-10-07 10:08:49 | [WARNING] | Ошибка ввода логина: Логин может содержать только латиницу, цифры и _
2026-10-07 10:09:05 | [DEBUG  ] | Валидация: логин='Zakhar', пароль=SHA256:8898a8a3459079ed
2026-10-07 10:09:05 | [ERROR  ] | Ошибка валидации пароля: Пароль должен содержать минимум 7 символов
2026-10-07 10:09:05 | [WARNING] | Ошибка ввода пароля: Пароль должен содержать минимум 7 символов
2026-10-07 10:10:46 | [INFO   ] | Логгер успешно сконфигурирован
2026-10-07 10:10:46 | [INFO   ] | Приложение запущено
2026-10-07 10:10:52 | [DEBUG  ] | Валидация: логин='zakhar', пароль=SHA256:ebd13571e0bf513a
2026-10-07 10:10:52 | [ERROR  ] | Ошибка валидации пароля: Пароль должен содержать минимум 7 символов
2026-10-07 10:10:52 | [WARNING] | Ошибка ввода пароля: Пароль должен содержать минимум 7 символов
2026-10-07 10:10:59 | [DEBUG  ] | Валидация: логин='zakhar', пароль=SHA256:3102f514f96b4f4e
2026-10-07 10:10:59 | [INFO   ] | Валидация пройдена успешно
2026-10-07 10:11:04 | [INFO   ] | Запрос на регистрацию. Логин='zakhar', пароль=SHA256:3102f514f96b4f4e, подтверждение=SHA256:3102f514f96b4f4e
2026-10-07 10:11:04 | [INFO   ] | Результат: True. Сообщение: ''
2026-10-07 10:18:09 | [INFO   ] | Логгер успешно сконфигурирован
2026-10-07 10:18:09 | [INFO   ] | Приложение запущено
2026-10-07 10:18:20 | [WARNING] | Ошибка ввода логина: Логин должен содержать минимум 5 символов
2026-10-07 10:18:28 | [DEBUG  ] | Валидация: логин='sadFVS', пароль=SHA256:e7ceff2bee50240a
2026-10-07 10:18:28 | [INFO   ] | Валидация пройдена успешно
2026-10-07 10:18:36 | [INFO   ] | Запрос на регистрацию. Логин='sadFVS', пароль=SHA256:e7ceff2bee50240a, подтверждение=SHA256:e7ceff2bee50240a
2026-10-07 10:18:36 | [INFO   ] | Результат: True. Сообщение: ''
